  Determining projects to restore...
  All projects are up-to-date for restore.
D:\Personal\voiceapp\Converters\EnumToBooleanConverter.cs(14,33): warning CS8600: Converting null literal or possible null value to non-nullable type. [D:\Personal\voiceapp\EliteWhisper_dtgeiqr3_wpftmp.csproj]
D:\Personal\voiceapp\Converters\EnumToBooleanConverter.cs(15,34): warning CS8600: Converting null literal or possible null value to non-nullable type. [D:\Personal\voiceapp\EliteWhisper_dtgeiqr3_wpftmp.csproj]
D:\Personal\voiceapp\Converters\EnumToBooleanConverter.cs(17,20): warning CS8602: Dereference of a possibly null reference. [D:\Personal\voiceapp\EliteWhisper_dtgeiqr3_wpftmp.csproj]
D:\Personal\voiceapp\Converters\EnumToBooleanConverter.cs(29,51): warning CS8604: Possible null reference argument for parameter 'value' in 'object Enum.Parse(Type enumType, string value)'. [D:\Personal\voiceapp\EliteWhisper_dtgeiqr3_wpftmp.csproj]
D:\Personal\voiceapp\App.xaml.cs(128,37): warning CS8602: Dereference of a possibly null reference. [D:\Personal\voiceapp\EliteWhisper_dtgeiqr3_wpftmp.csproj]
D:\Personal\voiceapp\Services\UpdateService.cs(41,22): error CS1061: 'SparkleUpdater' does not contain a definition for 'SecurityMode' and no accessible extension method 'SecurityMode' accepting a first argument of type 'SparkleUpdater' could be found (are you missing a using directive or an assembly reference?) [D:\Personal\voiceapp\EliteWhisper_dtgeiqr3_wpftmp.csproj]
D:\Personal\voiceapp\Services\UpdateService.cs(44,66): error CS1503: Argument 1: cannot convert from 'bool' to 'NetSparkleUpdater.Enums.LogWriterOutputMode' [D:\Personal\voiceapp\EliteWhisper_dtgeiqr3_wpftmp.csproj]
D:\Personal\voiceapp\Services\ModeService.cs(79,25): warning CS0618: 'PostProcessProfile.RunLocally' is obsolete: 'Use PreferredProvider = PreferredProvider.Local instead.' [D:\Personal\voiceapp\EliteWhisper_dtgeiqr3_wpftmp.csproj]
D:\Personal\voiceapp\Services\ModeService.cs(109,25): warning CS0618: 'PostProcessProfile.RunLocally' is obsolete: 'Use PreferredProvider = PreferredProvider.Local instead.' [D:\Personal\voiceapp\EliteWhisper_dtgeiqr3_wpftmp.csproj]
D:\Personal\voiceapp\Services\ModeService.cs(129,25): warning CS0618: 'PostProcessProfile.RunLocally' is obsolete: 'Use PreferredProvider = PreferredProvider.Local instead.' [D:\Personal\voiceapp\EliteWhisper_dtgeiqr3_wpftmp.csproj]
D:\Personal\voiceapp\ViewModels\DashboardViewModel.cs(373,21): warning CS4014: Because this call is not awaited, execution of the current method continues before the call is completed. Consider applying the 'await' operator to the result of the call. [D:\Personal\voiceapp\EliteWhisper_dtgeiqr3_wpftmp.csproj]
D:\Personal\voiceapp\ViewModels\DashboardViewModel.cs(285,72): warning CS8600: Converting null literal or possible null value to non-nullable type. [D:\Personal\voiceapp\EliteWhisper_dtgeiqr3_wpftmp.csproj]
D:\Personal\voiceapp\ViewModels\DashboardViewModel.cs(293,37): warning CS1998: This async method lacks 'await' operators and will run synchronously. Consider using the 'await' operator to await non-blocking API calls, or 'await Task.Run(...)' to do CPU-bound work on a background thread. [D:\Personal\voiceapp\EliteWhisper_dtgeiqr3_wpftmp.csproj]

Build FAILED.

D:\Personal\voiceapp\Converters\EnumToBooleanConverter.cs(14,33): warning CS8600: Converting null literal or possible null value to non-nullable type. [D:\Personal\voiceapp\EliteWhisper_dtgeiqr3_wpftmp.csproj]
D:\Personal\voiceapp\Converters\EnumToBooleanConverter.cs(15,34): warning CS8600: Converting null literal or possible null value to non-nullable type. [D:\Personal\voiceapp\EliteWhisper_dtgeiqr3_wpftmp.csproj]
D:\Personal\voiceapp\Converters\EnumToBooleanConverter.cs(17,20): warning CS8602: Dereference of a possibly null reference. [D:\Personal\voiceapp\EliteWhisper_dtgeiqr3_wpftmp.csproj]
D:\Personal\voiceapp\Converters\EnumToBooleanConverter.cs(29,51): warning CS8604: Possible null reference argument for parameter 'value' in 'object Enum.Parse(Type enumType, string value)'. [D:\Personal\voiceapp\EliteWhisper_dtgeiqr3_wpftmp.csproj]
D:\Personal\voiceapp\App.xaml.cs(128,37): warning CS8602: Dereference of a possibly null reference. [D:\Personal\voiceapp\EliteWhisper_dtgeiqr3_wpftmp.csproj]
D:\Personal\voiceapp\Services\ModeService.cs(79,25): warning CS0618: 'PostProcessProfile.RunLocally' is obsolete: 'Use PreferredProvider = PreferredProvider.Local instead.' [D:\Personal\voiceapp\EliteWhisper_dtgeiqr3_wpftmp.csproj]
D:\Personal\voiceapp\Services\ModeService.cs(109,25): warning CS0618: 'PostProcessProfile.RunLocally' is obsolete: 'Use PreferredProvider = PreferredProvider.Local instead.' [D:\Personal\voiceapp\EliteWhisper_dtgeiqr3_wpftmp.csproj]
D:\Personal\voiceapp\Services\ModeService.cs(129,25): warning CS0618: 'PostProcessProfile.RunLocally' is obsolete: 'Use PreferredProvider = PreferredProvider.Local instead.' [D:\Personal\voiceapp\EliteWhisper_dtgeiqr3_wpftmp.csproj]
D:\Personal\voiceapp\ViewModels\DashboardViewModel.cs(373,21): warning CS4014: Because this call is not awaited, execution of the current method continues before the call is completed. Consider applying the 'await' operator to the result of the call. [D:\Personal\voiceapp\EliteWhisper_dtgeiqr3_wpftmp.csproj]
D:\Personal\voiceapp\ViewModels\DashboardViewModel.cs(285,72): warning CS8600: Converting null literal or possible null value to non-nullable type. [D:\Personal\voiceapp\EliteWhisper_dtgeiqr3_wpftmp.csproj]
D:\Personal\voiceapp\ViewModels\DashboardViewModel.cs(293,37): warning CS1998: This async method lacks 'await' operators and will run synchronously. Consider using the 'await' operator to await non-blocking API calls, or 'await Task.Run(...)' to do CPU-bound work on a background thread. [D:\Personal\voiceapp\EliteWhisper_dtgeiqr3_wpftmp.csproj]
D:\Personal\voiceapp\Services\UpdateService.cs(41,22): error CS1061: 'SparkleUpdater' does not contain a definition for 'SecurityMode' and no accessible extension method 'SecurityMode' accepting a first argument of type 'SparkleUpdater' could be found (are you missing a using directive or an assembly reference?) [D:\Personal\voiceapp\EliteWhisper_dtgeiqr3_wpftmp.csproj]
D:\Personal\voiceapp\Services\UpdateService.cs(44,66): error CS1503: Argument 1: cannot convert from 'bool' to 'NetSparkleUpdater.Enums.LogWriterOutputMode' [D:\Personal\voiceapp\EliteWhisper_dtgeiqr3_wpftmp.csproj]
    11 Warning(s)
    2 Error(s)

Time Elapsed 00:00:04.44
